kotlin version: 2.0.21
error message: org.jetbrains.kotlin.util.KotlinFrontEndException: Front-end Internal error: Failed to analyze declaration OrgPluginGroup
File being compiled: (37,1) in /Users/jonasluebke/Repos/mzio/mzmine/mzmine3/convention-plugins/java-convention/build/generated-sources/kotlin-dsl-external-plugin-spec-builders/kotlin/gradle/kotlin/dsl/plugins/_91df54fca13ccb98fed1a878903b4b25/PluginSpecBuilders.kt
The root cause java.lang.AssertionError was thrown at: org.jetbrains.kotlin.com.intellij.openapi.diagnostic.DefaultLogger.error(DefaultLogger.java:83)
	at org.jetbrains.kotlin.resolve.ExceptionWrappingKtVisitorVoid.visitDeclaration(ExceptionWrappingKtVisitorVoid.kt:31)
	at org.jetbrains.kotlin.psi.KtVisitorVoid.visitDeclaration(KtVisitorVoid.java:461)
	at org.jetbrains.kotlin.psi.KtVisitorVoid.visitDeclaration(KtVisitorVoid.java:21)
	at org.jetbrains.kotlin.psi.KtVisitor.visitNamedDeclaration(KtVisitor.java:416)
	at org.jetbrains.kotlin.psi.KtVisitorVoid.visitNamedDeclaration(KtVisitorVoid.java:385)
	at org.jetbrains.kotlin.psi.KtVisitorVoid.visitNamedDeclaration(KtVisitorVoid.java:973)
	at org.jetbrains.kotlin.psi.KtVisitorVoid.visitNamedDeclaration(KtVisitorVoid.java:21)
	at org.jetbrains.kotlin.psi.KtVisitor.visitClassOrObject(KtVisitor.java:41)
	at org.jetbrains.kotlin.psi.KtVisitorVoid.visitClassOrObject(KtVisitorVoid.java:37)
	at org.jetbrains.kotlin.psi.KtVisitorVoid.visitClassOrObject(KtVisitorVoid.java:473)
	at org.jetbrains.kotlin.psi.KtVisitorVoid.visitClassOrObject(KtVisitorVoid.java:21)
	at org.jetbrains.kotlin.psi.KtVisitor.visitClass(KtVisitor.java:33)
	at org.jetbrains.kotlin.psi.KtVisitorVoid.visitClass(KtVisitorVoid.java:33)
	at org.jetbrains.kotlin.psi.KtVisitorVoid.visitClass(KtVisitorVoid.java:467)
	at org.jetbrains.kotlin.psi.KtVisitorVoid.visitClass(KtVisitorVoid.java:21)
	at org.jetbrains.kotlin.psi.KtClass.accept(KtClass.kt:22)
	at org.jetbrains.kotlin.psi.KtElementImplStub.accept(KtElementImplStub.java:49)
	at org.jetbrains.kotlin.resolve.LazyTopDownAnalyzer$analyzeDeclarations$1.registerDeclarations(LazyTopDownAnalyzer.kt:80)
	at org.jetbrains.kotlin.resolve.LazyTopDownAnalyzer$analyzeDeclarations$1.visitKtFile(LazyTopDownAnalyzer.kt:98)
	at org.jetbrains.kotlin.psi.KtVisitorVoid.visitKtFile(KtVisitorVoid.java:521)
	at org.jetbrains.kotlin.psi.KtVisitorVoid.visitKtFile(KtVisitorVoid.java:21)
	at org.jetbrains.kotlin.psi.KtFile.accept(KtFile.kt:41)
	at org.jetbrains.kotlin.psi.KtCommonFile.accept(KtCommonFile.kt:244)
	at org.jetbrains.kotlin.resolve.ExceptionWrappingKtVisitorVoid.visitElement(ExceptionWrappingKtVisitorVoid.kt:16)
	at org.jetbrains.kotlin.com.intellij.psi.PsiElementVisitor.visitFile(PsiElementVisitor.java:51)
	at org.jetbrains.kotlin.psi.KtVisitor.visitKtFile(KtVisitor.java:73)
	at org.jetbrains.kotlin.psi.KtVisitorVoid.visitKtFile(KtVisitorVoid.java:69)
	at org.jetbrains.kotlin.psi.KtVisitorVoid.visitKtFile(KtVisitorVoid.java:521)
	at org.jetbrains.kotlin.psi.KtVisitorVoid.visitKtFile(KtVisitorVoid.java:21)
	at org.jetbrains.kotlin.psi.KtFile.accept(KtFile.kt:41)
	at org.jetbrains.kotlin.psi.KtCommonFile.accept(KtCommonFile.kt:244)
	at org.jetbrains.kotlin.resolve.LazyTopDownAnalyzer.analyzeDeclarations(LazyTopDownAnalyzer.kt:203)
	at org.jetbrains.kotlin.resolve.LazyTopDownAnalyzer.analyzeDeclarations$default(LazyTopDownAnalyzer.kt:58)
	at org.jetbrains.kotlin.cli.jvm.compiler.TopDownAnalyzerFacadeForJVM.analyzeFilesWithJavaIntegration(TopDownAnalyzerFacadeForJVM.kt:119)
	at org.jetbrains.kotlin.cli.jvm.compiler.TopDownAnalyzerFacadeForJVM.analyzeFilesWithJavaIntegration$default(TopDownAnalyzerFacadeForJVM.kt:75)
	at org.jetbrains.kotlin.cli.jvm.compiler.KotlinToJVMBytecodeCompiler.analyze$lambda$12(KotlinToJVMBytecodeCompiler.kt:373)
	at org.jetbrains.kotlin.cli.common.messages.AnalyzerWithCompilerReport.analyzeAndReport(AnalyzerWithCompilerReport.kt:112)
	at org.jetbrains.kotlin.cli.jvm.compiler.KotlinToJVMBytecodeCompiler.analyze(KotlinToJVMBytecodeCompiler.kt:364)
	at org.jetbrains.kotlin.cli.jvm.compiler.KotlinToJVMBytecodeCompiler.runFrontendAndGenerateIrUsingClassicFrontend(KotlinToJVMBytecodeCompiler.kt:195)
	at org.jetbrains.kotlin.cli.jvm.compiler.KotlinToJVMBytecodeCompiler.compileModules$cli(KotlinToJVMBytecodeCompiler.kt:106)
	at org.jetbrains.kotlin.cli.jvm.K2JVMCompiler.doExecute(K2JVMCompiler.kt:170)
	at org.jetbrains.kotlin.cli.jvm.K2JVMCompiler.doExecute(K2JVMCompiler.kt:43)
	at org.jetbrains.kotlin.cli.common.CLICompiler.execImpl(CLICompiler.kt:103)
	at org.jetbrains.kotlin.cli.common.CLICompiler.execImpl(CLICompiler.kt:49)
	at org.jetbrains.kotlin.cli.common.CLITool.exec(CLITool.kt:101)
	at org.jetbrains.kotlin.incremental.IncrementalJvmCompilerRunner.runCompiler(IncrementalJvmCompilerRunner.kt:464)
	at org.jetbrains.kotlin.incremental.IncrementalJvmCompilerRunner.runCompiler(IncrementalJvmCompilerRunner.kt:73)
	at org.jetbrains.kotlin.incremental.IncrementalCompilerRunner.doCompile(IncrementalCompilerRunner.kt:506)
	at org.jetbrains.kotlin.incremental.IncrementalCompilerRunner.compileImpl(IncrementalCompilerRunner.kt:423)
	at org.jetbrains.kotlin.incremental.IncrementalCompilerRunner.compileNonIncrementally(IncrementalCompilerRunner.kt:301)
	at org.jetbrains.kotlin.incremental.IncrementalCompilerRunner.compile(IncrementalCompilerRunner.kt:129)
	at org.jetbrains.kotlin.daemon.CompileServiceImplBase.execIncrementalCompiler(CompileServiceImpl.kt:675)
	at org.jetbrains.kotlin.daemon.CompileServiceImplBase.access$execIncrementalCompiler(CompileServiceImpl.kt:92)
	at org.jetbrains.kotlin.daemon.CompileServiceImpl.compile(CompileServiceImpl.kt:1660)
	at java.base/jdk.internal.reflect.DirectMethodHandleAccessor.invoke(Unknown Source)
	at java.base/java.lang.reflect.Method.invoke(Unknown Source)
	at java.rmi/sun.rmi.server.UnicastServerRef.dispatch(Unknown Source)
	at java.rmi/sun.rmi.transport.Transport$1.run(Unknown Source)
	at java.rmi/sun.rmi.transport.Transport$1.run(Unknown Source)
	at java.base/java.security.AccessController.doPrivileged(Unknown Source)
	at java.rmi/sun.rmi.transport.Transport.serviceCall(Unknown Source)
	at java.rmi/sun.rmi.transport.tcp.TCPTransport.handleMessages(Unknown Source)
	at java.rmi/sun.rmi.transport.tcp.TCPTransport$ConnectionHandler.run0(Unknown Source)
	at java.rmi/sun.rmi.transport.tcp.TCPTransport$ConnectionHandler.lambda$run$0(Unknown Source)
	at java.base/java.security.AccessController.doPrivileged(Unknown Source)
	at java.rmi/sun.rmi.transport.tcp.TCPTransport$ConnectionHandler.run(Unknown Source)
	at java.base/java.util.concurrent.ThreadPoolExecutor.runWorker(Unknown Source)
	at java.base/java.util.concurrent.ThreadPoolExecutor$Worker.run(Unknown Source)
	at java.base/java.lang.Thread.run(Unknown Source)
Caused by: java.lang.AssertionError
	at org.jetbrains.kotlin.com.intellij.openapi.diagnostic.DefaultLogger.error(DefaultLogger.java:83)
	at org.jetbrains.kotlin.com.intellij.openapi.diagnostic.Logger.error(Logger.java:436)
	at org.jetbrains.kotlin.com.intellij.util.io.PersistentEnumeratorBase.catchCorruption(PersistentEnumeratorBase.java:677)
	at org.jetbrains.kotlin.com.intellij.util.io.PersistentEnumeratorBase.doEnumerate(PersistentEnumeratorBase.java:265)
	at org.jetbrains.kotlin.com.intellij.util.io.PersistentEnumeratorBase.tryEnumerate(PersistentEnumeratorBase.java:256)
	at org.jetbrains.kotlin.com.intellij.util.io.PersistentMapImpl.doGet(PersistentMapImpl.java:655)
	at org.jetbrains.kotlin.com.intellij.util.io.PersistentMapImpl.get(PersistentMapImpl.java:613)
	at org.jetbrains.kotlin.com.intellij.util.io.PersistentHashMap.get(PersistentHashMap.java:196)
	at org.jetbrains.kotlin.incremental.storage.LazyStorage.get(LazyStorage.kt:76)
	at org.jetbrains.kotlin.incremental.storage.InMemoryStorage.get(InMemoryStorage.kt:68)
	at org.jetbrains.kotlin.incremental.IncrementalJvmCache$ProtoMap.get(IncrementalJvmCache.kt:400)
	at org.jetbrains.kotlin.incremental.IncrementalJvmCache.getModuleMappingData(IncrementalJvmCache.kt:343)
	at org.jetbrains.kotlin.load.kotlin.incremental.IncrementalPackagePartProvider.moduleMappings_delegate$lambda$3(IncrementalPackagePartProvider.kt:43)
	at kotlin.SynchronizedLazyImpl.getValue(LazyJVM.kt:74)
	at org.jetbrains.kotlin.load.kotlin.incremental.IncrementalPackagePartProvider.getModuleMappings(IncrementalPackagePartProvider.kt:41)
	at org.jetbrains.kotlin.load.kotlin.incremental.IncrementalPackagePartProvider.getAllOptionalAnnotationClasses(IncrementalPackagePartProvider.kt:69)
	at org.jetbrains.kotlin.resolve.jvm.multiplatform.OptionalAnnotationPackageFragmentProvider.packages_delegate$lambda$7(OptionalAnnotationPackageFragmentProvider.kt:41)
	at org.jetbrains.kotlin.storage.LockBasedStorageManager$LockBasedLazyValue.invoke(LockBasedStorageManager.java:408)
	at org.jetbrains.kotlin.storage.LockBasedStorageManager$LockBasedNotNullLazyValue.invoke(LockBasedStorageManager.java:527)
	at org.jetbrains.kotlin.storage.StorageKt.getValue(storage.kt:42)
	at org.jetbrains.kotlin.resolve.jvm.multiplatform.OptionalAnnotationPackageFragmentProvider.getPackages(OptionalAnnotationPackageFragmentProvider.kt:38)
	at org.jetbrains.kotlin.resolve.jvm.multiplatform.OptionalAnnotationPackageFragmentProvider.collectPackageFragments(OptionalAnnotationPackageFragmentProvider.kt:86)
	at org.jetbrains.kotlin.descriptors.PackageFragmentProviderKt.collectPackageFragmentsOptimizedIfPossible(PackageFragmentProvider.kt:59)
	at org.jetbrains.kotlin.descriptors.impl.CompositePackageFragmentProvider.collectPackageFragments(CompositePackageFragmentProvider.kt:46)
	at org.jetbrains.kotlin.descriptors.PackageFragmentProviderKt.collectPackageFragmentsOptimizedIfPossible(PackageFragmentProvider.kt:59)
	at org.jetbrains.kotlin.descriptors.impl.CompositePackageFragmentProvider.collectPackageFragments(CompositePackageFragmentProvider.kt:46)
	at org.jetbrains.kotlin.descriptors.PackageFragmentProviderKt.collectPackageFragmentsOptimizedIfPossible(PackageFragmentProvider.kt:59)
	at org.jetbrains.kotlin.descriptors.PackageFragmentProviderKt.packageFragments(PackageFragmentProvider.kt:43)
	at org.jetbrains.kotlin.descriptors.impl.LazyPackageViewDescriptorImpl.fragments_delegate$lambda$0(LazyPackageViewDescriptorImpl.kt:35)
	at org.jetbrains.kotlin.storage.LockBasedStorageManager$LockBasedLazyValue.invoke(LockBasedStorageManager.java:408)
	at org.jetbrains.kotlin.storage.LockBasedStorageManager$LockBasedNotNullLazyValue.invoke(LockBasedStorageManager.java:527)
	at org.jetbrains.kotlin.storage.StorageKt.getValue(storage.kt:42)
	at org.jetbrains.kotlin.descriptors.impl.LazyPackageViewDescriptorImpl.getFragments(LazyPackageViewDescriptorImpl.kt:34)
	at org.jetbrains.kotlin.descriptors.impl.LazyPackageViewDescriptorImpl.memberScope$lambda$3(LazyPackageViewDescriptorImpl.kt:49)
	at org.jetbrains.kotlin.resolve.scopes.LazyScopeAdapter.lazyScope$lambda$1(LazyScopeAdapter.kt:28)
	at org.jetbrains.kotlin.storage.LockBasedStorageManager$LockBasedLazyValue.invoke(LockBasedStorageManager.java:408)
	at org.jetbrains.kotlin.storage.LockBasedStorageManager$LockBasedNotNullLazyValue.invoke(LockBasedStorageManager.java:527)
	at org.jetbrains.kotlin.resolve.scopes.LazyScopeAdapter.getWorkerScope(LazyScopeAdapter.kt:34)
	at org.jetbrains.kotlin.resolve.scopes.AbstractScopeAdapter.getContributedClassifier(AbstractScopeAdapter.kt:44)
	at org.jetbrains.kotlin.resolve.lazy.FileScopeFactory$currentPackageScope$1.getContributedClassifier(FileScopeFactory.kt:271)
	at org.jetbrains.kotlin.resolve.scopes.utils.ScopeUtilsKt.findClassifier(ScopeUtils.kt:89)
	at org.jetbrains.kotlin.resolve.QualifiedExpressionResolver.resolveToPackageOrClassPrefix(QualifiedExpressionResolver.kt:506)
	at org.jetbrains.kotlin.resolve.QualifiedExpressionResolver.resolveToPackageOrClassPrefix$default(QualifiedExpressionResolver.kt:470)
	at org.jetbrains.kotlin.resolve.QualifiedExpressionResolver.resolveToPackageOrClass(QualifiedExpressionResolver.kt:458)
	at org.jetbrains.kotlin.resolve.QualifiedExpressionResolver.resolveQualifierPartListForType(QualifiedExpressionResolver.kt:130)
	at org.jetbrains.kotlin.resolve.QualifiedExpressionResolver.resolveDescriptorForType(QualifiedExpressionResolver.kt:118)
	at org.jetbrains.kotlin.resolve.TypeResolver.resolveDescriptorForType(TypeResolver.kt:1053)
	at org.jetbrains.kotlin.resolve.TypeResolver$resolveTypeElement$1.visitUserType(TypeResolver.kt:259)
	at org.jetbrains.kotlin.psi.KtVisitorVoid.visitUserType(KtVisitorVoid.java:937)
	at org.jetbrains.kotlin.psi.KtVisitorVoid.visitUserType(KtVisitorVoid.java:21)
	at org.jetbrains.kotlin.psi.KtUserType.accept(KtUserType.java:42)
	at org.jetbrains.kotlin.psi.KtElementImplStub.accept(KtElementImplStub.java:49)
	at org.jetbrains.kotlin.resolve.TypeResolver.resolveTypeElement(TypeResolver.kt:257)
	at org.jetbrains.kotlin.resolve.TypeResolver.resolvePossiblyBareType(TypeResolver.kt:136)
	at org.jetbrains.kotlin.resolve.TypeResolver.resolveType(TypeResolver.kt:126)
	at org.jetbrains.kotlin.resolve.TypeResolver.resolveType(TypeResolver.kt:97)
	at org.jetbrains.kotlin.resolve.AnnotationResolverImpl.resolveAnnotationType(AnnotationResolverImpl.java:128)
	at org.jetbrains.kotlin.resolve.lazy.descriptors.LazyAnnotationDescriptor.type_delegate$lambda$3(LazyAnnotations.kt:83)
	at org.jetbrains.kotlin.storage.LockBasedStorageManager$LockBasedLazyValue.invoke(LockBasedStorageManager.java:408)
	at org.jetbrains.kotlin.storage.LockBasedStorageManager$LockBasedNotNullLazyValue.invoke(LockBasedStorageManager.java:527)
	at org.jetbrains.kotlin.storage.StorageKt.getValue(storage.kt:42)
	at org.jetbrains.kotlin.resolve.lazy.descriptors.LazyAnnotationDescriptor.getType(LazyAnnotations.kt:81)
	at org.jetbrains.kotlin.resolve.descriptorUtil.DescriptorUtilsKt.getAnnotationClass(DescriptorUtils.kt:406)
	at org.jetbrains.kotlin.descriptors.annotations.AnnotationDescriptor$DefaultImpls.getFqName(AnnotationDescriptor.kt:34)
	at org.jetbrains.kotlin.resolve.lazy.descriptors.LazyAnnotationDescriptor.getFqName(LazyAnnotations.kt:76)
	at org.jetbrains.kotlin.descriptors.annotations.Annotations$DefaultImpls.findAnnotation(Annotations.kt:29)
	at org.jetbrains.kotlin.resolve.lazy.descriptors.LazyAnnotations.findAnnotation(LazyAnnotations.kt:56)
	at org.jetbrains.kotlin.descriptors.annotations.Annotations$DefaultImpls.hasAnnotation(Annotations.kt:31)
	at org.jetbrains.kotlin.resolve.lazy.descriptors.LazyAnnotations.hasAnnotation(LazyAnnotations.kt:56)
	at org.jetbrains.kotlin.resolve.jvm.annotations.JvmAnnotationUtilKt.isJvmRecord(jvmAnnotationUtil.kt:110)
	at org.jetbrains.kotlin.resolve.jvm.JvmAdditionalClassPartsProvider.getAdditionalSupertypes(JvmAdditionalClassPartsProvider.kt:38)
	at org.jetbrains.kotlin.resolve.DescriptorResolver.resolveSupertypes(DescriptorResolver.java:168)
	at org.jetbrains.kotlin.resolve.lazy.descriptors.LazyClassDescriptor.computeSupertypes(LazyClassDescriptor.java:889)
	at org.jetbrains.kotlin.resolve.lazy.descriptors.LazyClassDescriptor$LazyClassTypeConstructor.computeSupertypes(LazyClassDescriptor.java:786)
	at org.jetbrains.kotlin.types.AbstractTypeConstructor.supertypes$lambda$0(AbstractTypeConstructor.kt:78)
	at org.jetbrains.kotlin.storage.LockBasedStorageManager$LockBasedLazyValue.invoke(LockBasedStorageManager.java:408)
	at org.jetbrains.kotlin.storage.LockBasedStorageManager$LockBasedLazyValueWithPostCompute.invoke(LockBasedStorageManager.java:481)
	at org.jetbrains.kotlin.storage.LockBasedStorageManager$LockBasedNotNullLazyValueWithPostCompute.invoke(LockBasedStorageManager.java:512)
	at org.jetbrains.kotlin.types.AbstractTypeConstructor.getSupertypes(AbstractTypeConstructor.kt:27)
	at org.jetbrains.kotlin.types.AbstractTypeConstructor.getSupertypes(AbstractTypeConstructor.kt:26)
	at org.jetbrains.kotlin.resolve.descriptorUtil.DescriptorUtilsKt.getSuperClassNotAny(DescriptorUtils.kt:152)
	at org.jetbrains.kotlin.resolve.descriptorUtil.DescriptorUtilsKt.getAllSuperclassesWithoutAny(DescriptorUtils.kt:371)
	at org.jetbrains.kotlin.resolve.lazy.descriptors.ClassResolutionScopesSupport.inheritanceScopeWithoutMe$lambda$5(ClassResolutionScopesSupport.kt:50)
	at org.jetbrains.kotlin.storage.LockBasedStorageManager$LockBasedLazyValue.invoke(LockBasedStorageManager.java:408)
	at org.jetbrains.kotlin.storage.LockBasedStorageManager$LockBasedNotNullLazyValue.invoke(LockBasedStorageManager.java:527)
	at org.jetbrains.kotlin.resolve.lazy.descriptors.ClassResolutionScopesSupport.inheritanceScopeWithMe$lambda$6(ClassResolutionScopesSupport.kt:56)
	at org.jetbrains.kotlin.storage.LockBasedStorageManager$LockBasedLazyValue.invoke(LockBasedStorageManager.java:408)
	at org.jetbrains.kotlin.storage.LockBasedStorageManager$LockBasedNotNullLazyValue.invoke(LockBasedStorageManager.java:527)
	at org.jetbrains.kotlin.resolve.lazy.descriptors.ClassResolutionScopesSupport.scopeForConstructorHeaderResolution$lambda$3(ClassResolutionScopesSupport.kt:46)
	at org.jetbrains.kotlin.storage.LockBasedStorageManager$LockBasedLazyValue.invoke(LockBasedStorageManager.java:408)
	at org.jetbrains.kotlin.storage.LockBasedStorageManager$LockBasedNotNullLazyValue.invoke(LockBasedStorageManager.java:527)
	at org.jetbrains.kotlin.resolve.lazy.descriptors.LazyClassDescriptor.getScopeForConstructorHeaderResolution(LazyClassDescriptor.java:434)
	at org.jetbrains.kotlin.resolve.lazy.descriptors.LazyClassMemberScope.resolvePrimaryConstructor(LazyClassMemberScope.kt:537)
	at org.jetbrains.kotlin.resolve.lazy.descriptors.LazyClassMemberScope.primaryConstructor$lambda$21(LazyClassMemberScope.kt:206)
	at org.jetbrains.kotlin.storage.LockBasedStorageManager$LockBasedLazyValue.invoke(LockBasedStorageManager.java:408)
	at org.jetbrains.kotlin.resolve.lazy.descriptors.LazyClassMemberScope.getPrimaryConstructor(LazyClassMemberScope.kt:524)
	at org.jetbrains.kotlin.resolve.lazy.descriptors.LazyClassMemberScope.createPropertiesFromPrimaryConstructorParameters(LazyClassMemberScope.kt:439)
	at org.jetbrains.kotlin.resolve.lazy.descriptors.LazyClassMemberScope.getNonDeclaredProperties(LazyClassMemberScope.kt:424)
	at org.jetbrains.kotlin.resolve.lazy.descriptors.AbstractLazyMemberScope.doGetProperties(AbstractLazyMemberScope.kt:150)
	at org.jetbrains.kotlin.resolve.lazy.descriptors.AbstractLazyMemberScope.propertyDescriptors$lambda$2(AbstractLazyMemberScope.kt:53)
	at org.jetbrains.kotlin.storage.LockBasedStorageManager$MapBasedMemoizedFunction.invoke(LockBasedStorageManager.java:578)
	at org.jetbrains.kotlin.storage.LockBasedStorageManager$MapBasedMemoizedFunctionToNotNull.invoke(LockBasedStorageManager.java:681)
	at org.jetbrains.kotlin.resolve.lazy.descriptors.AbstractLazyMemberScope.getContributedVariables(AbstractLazyMemberScope.kt:144)
	at org.jetbrains.kotlin.resolve.lazy.descriptors.LazyClassMemberScope.getContributedVariables(LazyClassMemberScope.kt:409)
	at org.jetbrains.kotlin.resolve.lazy.LazyDeclarationResolver$resolveToDescriptor$1.visitParameter(LazyDeclarationResolver.kt:139)
	at org.jetbrains.kotlin.resolve.lazy.LazyDeclarationResolver$resolveToDescriptor$1.visitParameter(LazyDeclarationResolver.kt:94)
	at org.jetbrains.kotlin.psi.KtParameter.accept(KtParameter.java:51)
	at org.jetbrains.kotlin.resolve.lazy.LazyDeclarationResolver.resolveToDescriptor(LazyDeclarationResolver.kt:94)
	at org.jetbrains.kotlin.resolve.lazy.LazyDeclarationResolver.resolveToDescriptor(LazyDeclarationResolver.kt:91)
	at org.jetbrains.kotlin.resolve.LazyTopDownAnalyzer$analyzeDeclarations$1.registerPrimaryConstructorParameters(LazyTopDownAnalyzer.kt:157)
	at org.jetbrains.kotlin.resolve.LazyTopDownAnalyzer$analyzeDeclarations$1.visitClass(LazyTopDownAnalyzer.kt:149)
	at org.jetbrains.kotlin.psi.KtVisitorVoid.visitClass(KtVisitorVoid.java:467)
	at org.jetbrains.kotlin.psi.KtVisitorVoid.visitClass(KtVisitorVoid.java:21)
	at org.jetbrains.kotlin.psi.KtClass.accept(KtClass.kt:22)
	at org.jetbrains.kotlin.psi.KtElementImplStub.accept(KtElementImplStub.java:49)
	at org.jetbrains.kotlin.resolve.ExceptionWrappingKtVisitorVoid.visitDeclaration(ExceptionWrappingKtVisitorVoid.kt:21)
	... 68 more
Caused by: java.lang.AssertionError
	at org.jetbrains.kotlin.com.intellij.openapi.diagnostic.DefaultLogger.error(DefaultLogger.java:83)
	at org.jetbrains.kotlin.com.intellij.openapi.diagnostic.Logger.error(Logger.java:436)
	at org.jetbrains.kotlin.com.intellij.util.io.PersistentEnumeratorBase.catchCorruption(PersistentEnumeratorBase.java:672)
	at org.jetbrains.kotlin.com.intellij.util.io.PersistentEnumeratorBase.valueOf(PersistentEnumeratorBase.java:458)
	at org.jetbrains.kotlin.com.intellij.util.io.PersistentBTreeEnumerator.valueOf(PersistentBTreeEnumerator.java:779)
	at org.jetbrains.kotlin.com.intellij.util.io.PersistentEnumeratorBase.isKeyAtIndex(PersistentEnumeratorBase.java:397)
	at org.jetbrains.kotlin.com.intellij.util.io.PersistentBTreeEnumerator.enumerateImpl(PersistentBTreeEnumerator.java:596)
	at org.jetbrains.kotlin.com.intellij.util.io.PersistentEnumeratorBase.lambda$doEnumerate$0(PersistentEnumeratorBase.java:266)
	at org.jetbrains.kotlin.com.intellij.util.io.PersistentEnumeratorBase.catchCorruption(PersistentEnumeratorBase.java:654)
	... 181 more
Caused by: java.io.EOFException
	at java.base/java.io.DataInputStream.readFully(Unknown Source)
	at java.base/java.io.DataInputStream.readFully(Unknown Source)
	at org.jetbrains.kotlin.com.intellij.util.io.IOUtil.readString(IOUtil.java:77)
	at org.jetbrains.kotlin.incremental.storage.StringExternalizer.read(externalizers.kt:225)
	at org.jetbrains.kotlin.incremental.storage.StringExternalizer.read(externalizers.kt:223)
	at org.jetbrains.kotlin.incremental.storage.ExternalizersKt$toDescriptor$1.read(externalizers.kt)
	at org.jetbrains.kotlin.com.intellij.util.io.keyStorage.AppendableStorageBackedByResizableMappedFile.read(AppendableStorageBackedByResizableMappedFile.java:92)
	at org.jetbrains.kotlin.com.intellij.util.io.PersistentEnumeratorBase.findValueFor(PersistentEnumeratorBase.java:470)
	at org.jetbrains.kotlin.com.intellij.util.io.PersistentEnumeratorBase.lambda$valueOf$2(PersistentEnumeratorBase.java:459)
	at org.jetbrains.kotlin.com.intellij.util.io.PersistentEnumeratorBase.catchCorruption(PersistentEnumeratorBase.java:654)
	... 187 more


